
Merging program properties

Removed property 0xc0000002 to merge /usr/lib/gcc/x86_64-pc-linux-gnu/13.2.1/../../../../lib/Scrt1.o (0x3) and ./build/main.o (not found)
Removed property 0xc0000002 to merge /usr/lib/gcc/x86_64-pc-linux-gnu/13.2.1/../../../../lib/Scrt1.o (not found) and /usr/lib/gcc/x86_64-pc-linux-gnu/13.2.1/crtendS.o (0x3)
Removed property 0xc0000002 to merge /usr/lib/gcc/x86_64-pc-linux-gnu/13.2.1/../../../../lib/Scrt1.o (not found) and /usr/lib/gcc/x86_64-pc-linux-gnu/13.2.1/../../../../lib/crtn.o (0x3)

Discarded input sections

 .note.GNU-stack
                0x0000000000000000        0x0 /usr/lib/gcc/x86_64-pc-linux-gnu/13.2.1/../../../../lib/Scrt1.o
 .gnu_debuglink
                0x0000000000000000       0x14 /usr/lib/gcc/x86_64-pc-linux-gnu/13.2.1/../../../../lib/Scrt1.o
 .note.gnu.property
                0x0000000000000000       0x50 /usr/lib/gcc/x86_64-pc-linux-gnu/13.2.1/../../../../lib/crti.o
 .note.GNU-stack
                0x0000000000000000        0x0 /usr/lib/gcc/x86_64-pc-linux-gnu/13.2.1/../../../../lib/crti.o
 .gnu_debuglink
                0x0000000000000000       0x14 /usr/lib/gcc/x86_64-pc-linux-gnu/13.2.1/../../../../lib/crti.o
 .note.GNU-stack
                0x0000000000000000        0x0 /usr/lib/gcc/x86_64-pc-linux-gnu/13.2.1/crtbeginS.o
 .note.gnu.property
                0x0000000000000000       0x50 /usr/lib/gcc/x86_64-pc-linux-gnu/13.2.1/crtbeginS.o
 .gnu_debuglink
                0x0000000000000000       0x18 /usr/lib/gcc/x86_64-pc-linux-gnu/13.2.1/crtbeginS.o
 .note.GNU-stack
                0x0000000000000000        0x0 ./build/main.o
 .note.gnu.property
                0x0000000000000000       0x30 ./build/main.o
 .note.GNU-stack
                0x0000000000000000        0x0 ./build/memory.o
 .note.gnu.property
                0x0000000000000000       0x30 ./build/memory.o
 .note.GNU-stack
                0x0000000000000000        0x0 ./build/course1.o
 .note.gnu.property
                0x0000000000000000       0x30 ./build/course1.o
 .note.GNU-stack
                0x0000000000000000        0x0 ./build/data.o
 .note.gnu.property
                0x0000000000000000       0x30 ./build/data.o
 .note.GNU-stack
                0x0000000000000000        0x0 ./build/stats.o
 .note.gnu.property
                0x0000000000000000       0x30 ./build/stats.o
 .note.GNU-stack
                0x0000000000000000        0x0 /usr/lib/gcc/x86_64-pc-linux-gnu/13.2.1/crtendS.o
 .note.gnu.property
                0x0000000000000000       0x50 /usr/lib/gcc/x86_64-pc-linux-gnu/13.2.1/crtendS.o
 .gnu_debuglink
                0x0000000000000000       0x14 /usr/lib/gcc/x86_64-pc-linux-gnu/13.2.1/crtendS.o
 .note.gnu.property
                0x0000000000000000       0x50 /usr/lib/gcc/x86_64-pc-linux-gnu/13.2.1/../../../../lib/crtn.o
 .note.GNU-stack
                0x0000000000000000        0x0 /usr/lib/gcc/x86_64-pc-linux-gnu/13.2.1/../../../../lib/crtn.o
 .gnu_debuglink
                0x0000000000000000       0x14 /usr/lib/gcc/x86_64-pc-linux-gnu/13.2.1/../../../../lib/crtn.o

Memory Configuration

Name             Origin             Length             Attributes
*default*        0x0000000000000000 0xffffffffffffffff

Linker script and memory map

LOAD /usr/lib/gcc/x86_64-pc-linux-gnu/13.2.1/../../../../lib/Scrt1.o
LOAD /usr/lib/gcc/x86_64-pc-linux-gnu/13.2.1/../../../../lib/crti.o
LOAD /usr/lib/gcc/x86_64-pc-linux-gnu/13.2.1/crtbeginS.o
LOAD ./build/main.o
LOAD ./build/memory.o
LOAD ./build/course1.o
LOAD ./build/data.o
LOAD ./build/stats.o
LOAD /usr/lib/gcc/x86_64-pc-linux-gnu/13.2.1/libgcc.a
LOAD /usr/lib/gcc/x86_64-pc-linux-gnu/13.2.1/../../../../lib/libgcc_s.so
START GROUP
LOAD /usr/lib/gcc/x86_64-pc-linux-gnu/13.2.1/../../../../lib/libgcc_s.so.1
LOAD /usr/lib/gcc/x86_64-pc-linux-gnu/13.2.1/libgcc.a
END GROUP
LOAD /usr/lib/gcc/x86_64-pc-linux-gnu/13.2.1/../../../../lib/libc.so
START GROUP
LOAD /usr/lib/libc.so.6
LOAD /usr/lib/libc_nonshared.a
LOAD /usr/lib/ld-linux-x86-64.so.2
END GROUP
LOAD /usr/lib/gcc/x86_64-pc-linux-gnu/13.2.1/libgcc.a
LOAD /usr/lib/gcc/x86_64-pc-linux-gnu/13.2.1/../../../../lib/libgcc_s.so
START GROUP
LOAD /usr/lib/gcc/x86_64-pc-linux-gnu/13.2.1/../../../../lib/libgcc_s.so.1
LOAD /usr/lib/gcc/x86_64-pc-linux-gnu/13.2.1/libgcc.a
END GROUP
LOAD /usr/lib/gcc/x86_64-pc-linux-gnu/13.2.1/crtendS.o
LOAD /usr/lib/gcc/x86_64-pc-linux-gnu/13.2.1/../../../../lib/crtn.o
                [!provide]                        PROVIDE (__executable_start = SEGMENT_START ("text-segment", 0x0))
                0x0000000000000318                . = (SEGMENT_START ("text-segment", 0x0) + SIZEOF_HEADERS)

.interp         0x0000000000000318       0x1c
 *(.interp)
 .interp        0x0000000000000318       0x1c /usr/lib/gcc/x86_64-pc-linux-gnu/13.2.1/../../../../lib/Scrt1.o

.note.gnu.property
                0x0000000000000338       0x40
 .note.gnu.property
                0x0000000000000338       0x40 /usr/lib/gcc/x86_64-pc-linux-gnu/13.2.1/../../../../lib/Scrt1.o

.note.gnu.build-id
                0x0000000000000378       0x24
 *(.note.gnu.build-id)
 .note.gnu.build-id
                0x0000000000000378       0x24 /usr/lib/gcc/x86_64-pc-linux-gnu/13.2.1/../../../../lib/Scrt1.o

.note.ABI-tag   0x000000000000039c       0x20
 .note.ABI-tag  0x000000000000039c       0x20 /usr/lib/gcc/x86_64-pc-linux-gnu/13.2.1/../../../../lib/Scrt1.o

.hash
 *(.hash)

.gnu.hash       0x00000000000003c0       0x1c
 *(.gnu.hash)
 .gnu.hash      0x00000000000003c0       0x1c /usr/lib/gcc/x86_64-pc-linux-gnu/13.2.1/../../../../lib/Scrt1.o

.dynsym         0x00000000000003e0      0x108
 *(.dynsym)
 .dynsym        0x00000000000003e0      0x108 /usr/lib/gcc/x86_64-pc-linux-gnu/13.2.1/../../../../lib/Scrt1.o

.dynstr         0x00000000000004e8       0xbb
 *(.dynstr)
 .dynstr        0x00000000000004e8       0xbb /usr/lib/gcc/x86_64-pc-linux-gnu/13.2.1/../../../../lib/Scrt1.o

.gnu.version    0x00000000000005a4       0x16
 *(.gnu.version)
 .gnu.version   0x00000000000005a4       0x16 /usr/lib/gcc/x86_64-pc-linux-gnu/13.2.1/../../../../lib/Scrt1.o

.gnu.version_d  0x00000000000005c0        0x0
 *(.gnu.version_d)
 .gnu.version_d
                0x00000000000005c0        0x0 /usr/lib/gcc/x86_64-pc-linux-gnu/13.2.1/../../../../lib/Scrt1.o

.gnu.version_r  0x00000000000005c0       0x40
 *(.gnu.version_r)
 .gnu.version_r
                0x00000000000005c0       0x40 /usr/lib/gcc/x86_64-pc-linux-gnu/13.2.1/../../../../lib/Scrt1.o

.rela.dyn       0x0000000000000600       0xc0
 *(.rela.init)
 *(.rela.text .rela.text.* .rela.gnu.linkonce.t.*)
 *(.rela.fini)
 *(.rela.rodata .rela.rodata.* .rela.gnu.linkonce.r.*)
 *(.rela.data .rela.data.* .rela.gnu.linkonce.d.*)
 .rela.data.rel.ro
                0x0000000000000600        0x0 /usr/lib/gcc/x86_64-pc-linux-gnu/13.2.1/../../../../lib/Scrt1.o
 .rela.data.rel.local
                0x0000000000000600       0x18 /usr/lib/gcc/x86_64-pc-linux-gnu/13.2.1/../../../../lib/Scrt1.o
 *(.rela.tdata .rela.tdata.* .rela.gnu.linkonce.td.*)
 *(.rela.tbss .rela.tbss.* .rela.gnu.linkonce.tb.*)
 *(.rela.ctors)
 *(.rela.dtors)
 *(.rela.got)
 .rela.got      0x0000000000000618       0x78 /usr/lib/gcc/x86_64-pc-linux-gnu/13.2.1/../../../../lib/Scrt1.o
 *(.rela.bss .rela.bss.* .rela.gnu.linkonce.b.*)
 .rela.bss      0x0000000000000690        0x0 /usr/lib/gcc/x86_64-pc-linux-gnu/13.2.1/../../../../lib/Scrt1.o
 *(.rela.ldata .rela.ldata.* .rela.gnu.linkonce.l.*)
 *(.rela.lbss .rela.lbss.* .rela.gnu.linkonce.lb.*)
 *(.rela.lrodata .rela.lrodata.* .rela.gnu.linkonce.lr.*)
 *(.rela.ifunc)
 .rela.ifunc    0x0000000000000690        0x0 /usr/lib/gcc/x86_64-pc-linux-gnu/13.2.1/../../../../lib/Scrt1.o
 .rela.fini_array
                0x0000000000000690       0x18 /usr/lib/gcc/x86_64-pc-linux-gnu/13.2.1/../../../../lib/Scrt1.o
 .rela.init_array
                0x00000000000006a8       0x18 /usr/lib/gcc/x86_64-pc-linux-gnu/13.2.1/../../../../lib/Scrt1.o

.rela.plt       0x00000000000006c0       0x78
 *(.rela.plt)
 .rela.plt      0x00000000000006c0       0x78 /usr/lib/gcc/x86_64-pc-linux-gnu/13.2.1/../../../../lib/Scrt1.o
 *(.rela.iplt)

.relr.dyn
 *(.relr.dyn)
                0x0000000000001000                . = ALIGN (CONSTANT (MAXPAGESIZE))

.init           0x0000000000001000       0x1b
 *(SORT_NONE(.init))
 .init          0x0000000000001000       0x16 /usr/lib/gcc/x86_64-pc-linux-gnu/13.2.1/../../../../lib/crti.o
                0x0000000000001000                _init
 .init          0x0000000000001016        0x5 /usr/lib/gcc/x86_64-pc-linux-gnu/13.2.1/../../../../lib/crtn.o

.plt            0x0000000000001020       0x60
 *(.plt)
 .plt           0x0000000000001020       0x60 /usr/lib/gcc/x86_64-pc-linux-gnu/13.2.1/../../../../lib/Scrt1.o
                0x0000000000001030                free@@GLIBC_2.2.5
                0x0000000000001040                puts@@GLIBC_2.2.5
                0x0000000000001050                __stack_chk_fail@@GLIBC_2.4
                0x0000000000001060                printf@@GLIBC_2.2.5
                0x0000000000001070                malloc@@GLIBC_2.2.5
 *(.iplt)

.plt.got        0x0000000000001080        0x0
 *(.plt.got)
 .plt.got       0x0000000000001080        0x0 /usr/lib/gcc/x86_64-pc-linux-gnu/13.2.1/../../../../lib/Scrt1.o

.plt.sec
 *(.plt.sec)

.text           0x0000000000001080     0x109a
 *(.text.unlikely .text.*_unlikely .text.unlikely.*)
 *(.text.exit .text.exit.*)
 *(.text.startup .text.startup.*)
 *(.text.hot .text.hot.*)
 *(SORT_BY_NAME(.text.sorted.*))
 *(.text .stub .text.* .gnu.linkonce.t.*)
 .text          0x0000000000001080       0x26 /usr/lib/gcc/x86_64-pc-linux-gnu/13.2.1/../../../../lib/Scrt1.o
                0x0000000000001080                _start
 .text          0x00000000000010a6        0x0 /usr/lib/gcc/x86_64-pc-linux-gnu/13.2.1/../../../../lib/crti.o
 *fill*         0x00000000000010a6        0xa 
 .text          0x00000000000010b0       0xc9 /usr/lib/gcc/x86_64-pc-linux-gnu/13.2.1/crtbeginS.o
 .text          0x0000000000001179       0x10 ./build/main.o
                0x0000000000001179                main
 .text          0x0000000000001189      0x2b1 ./build/memory.o
                0x0000000000001189                set_value
                0x00000000000011ac                clear_value
                0x00000000000011d4                get_value
                0x00000000000011ee                set_all
                0x0000000000001230                clear_all
                0x0000000000001256                my_memmove
                0x00000000000012ba                my_memcopy
                0x0000000000001307                my_memset
                0x0000000000001349                my_memzero
                0x0000000000001377                my_reverse
                0x0000000000001401                reserve_words
                0x000000000000141f                free_words
 .text          0x000000000000143a      0x88d ./build/course1.o
                0x000000000000143a                test_data1
                0x00000000000014ce                test_data2
                0x0000000000001562                test_memmove1
                0x0000000000001654                test_memmove2
                0x0000000000001746                test_memmove3
                0x000000000000183d                test_memcopy
                0x000000000000192f                test_memset
                0x0000000000001a58                test_reverse
                0x0000000000001b8f                course1
 .text          0x0000000000001cc7      0x1ef ./build/data.o
                0x0000000000001cc7                my_itoa
                0x0000000000001dc2                my_atoi
 .text          0x0000000000001eb6      0x264 ./build/stats.o
                0x0000000000001eb6                print_statistics
                0x0000000000001ec4                print_array
                0x0000000000001ed2                find_median
                0x0000000000001f47                find_mean
                0x0000000000001f91                find_maximum
                0x0000000000001fe9                find_minimum
                0x0000000000002041                swap
                0x0000000000002075                sort_array
 .text          0x000000000000211a        0x0 /usr/lib/gcc/x86_64-pc-linux-gnu/13.2.1/crtendS.o
 .text          0x000000000000211a        0x0 /usr/lib/gcc/x86_64-pc-linux-gnu/13.2.1/../../../../lib/crtn.o
 *(.gnu.warning)

.fini           0x000000000000211c        0xd
 *(SORT_NONE(.fini))
 .fini          0x000000000000211c        0x8 /usr/lib/gcc/x86_64-pc-linux-gnu/13.2.1/../../../../lib/crti.o
                0x000000000000211c                _fini
 .fini          0x0000000000002124        0x5 /usr/lib/gcc/x86_64-pc-linux-gnu/13.2.1/../../../../lib/crtn.o
                [!provide]                        PROVIDE (__etext = .)
                [!provide]                        PROVIDE (_etext = .)
                [!provide]                        PROVIDE (etext = .)
                0x0000000000003000                . = ALIGN (CONSTANT (MAXPAGESIZE))
                0x0000000000003000                . = SEGMENT_START ("rodata-segment", (ALIGN (CONSTANT (MAXPAGESIZE)) + (. & (CONSTANT (MAXPAGESIZE) - 0x1))))

.rodata         0x0000000000003000      0x13d
 *(.rodata .rodata.* .gnu.linkonce.r.*)
 .rodata.cst4   0x0000000000003000        0x4 /usr/lib/gcc/x86_64-pc-linux-gnu/13.2.1/../../../../lib/Scrt1.o
                0x0000000000003000                _IO_stdin_used
 *fill*         0x0000000000003004        0x4 
 .rodata        0x0000000000003008      0x135 ./build/course1.o

.rodata1
 *(.rodata1)

.eh_frame_hdr   0x0000000000003140      0x11c
 *(.eh_frame_hdr)
 .eh_frame_hdr  0x0000000000003140      0x11c /usr/lib/gcc/x86_64-pc-linux-gnu/13.2.1/../../../../lib/Scrt1.o
                0x0000000000003140                __GNU_EH_FRAME_HDR
 *(.eh_frame_entry .eh_frame_entry.*)

.eh_frame       0x0000000000003260      0x45c
 *(.eh_frame)
 .eh_frame      0x0000000000003260       0x30 /usr/lib/gcc/x86_64-pc-linux-gnu/13.2.1/../../../../lib/Scrt1.o
                                         0x2c (size before relaxing)
 *fill*         0x0000000000003290        0x0 
 .eh_frame      0x0000000000003290       0x28 /usr/lib/gcc/x86_64-pc-linux-gnu/13.2.1/../../../../lib/Scrt1.o
                                         0x40 (size before relaxing)
 .eh_frame      0x00000000000032b8        0x0 /usr/lib/gcc/x86_64-pc-linux-gnu/13.2.1/../../../../lib/Scrt1.o
 .eh_frame      0x00000000000032b8       0x20 ./build/main.o
                                         0x38 (size before relaxing)
 .eh_frame      0x00000000000032d8      0x180 ./build/memory.o
                                        0x198 (size before relaxing)
 .eh_frame      0x0000000000003458      0x120 ./build/course1.o
                                        0x138 (size before relaxing)
 .eh_frame      0x0000000000003578       0x40 ./build/data.o
                                         0x58 (size before relaxing)
 .eh_frame      0x00000000000035b8      0x100 ./build/stats.o
                                        0x118 (size before relaxing)
 .eh_frame      0x00000000000036b8        0x4 /usr/lib/gcc/x86_64-pc-linux-gnu/13.2.1/crtendS.o
 *(.eh_frame.*)

.sframe         0x00000000000036bc        0x0
 *(.sframe)
 .sframe        0x00000000000036bc        0x0 /usr/lib/gcc/x86_64-pc-linux-gnu/13.2.1/../../../../lib/Scrt1.o
 *(.sframe.*)

.gcc_except_table
 *(.gcc_except_table .gcc_except_table.*)

.gnu_extab
 *(.gnu_extab*)

.exception_ranges
 *(.exception_ranges*)
                0x0000000000004dd0                . = DATA_SEGMENT_ALIGN (CONSTANT (MAXPAGESIZE), CONSTANT (COMMONPAGESIZE))

.eh_frame
 *(.eh_frame)
 *(.eh_frame.*)

.sframe
 *(.sframe)
 *(.sframe.*)

.gnu_extab
 *(.gnu_extab)

.gcc_except_table
 *(.gcc_except_table .gcc_except_table.*)

.exception_ranges
 *(.exception_ranges*)

.tdata          0x0000000000004dd0        0x0
                [!provide]                        PROVIDE (__tdata_start = .)
 *(.tdata .tdata.* .gnu.linkonce.td.*)

.tbss
 *(.tbss .tbss.* .gnu.linkonce.tb.*)
 *(.tcommon)

.preinit_array  0x0000000000004dd0        0x0
                [!provide]                        PROVIDE (__preinit_array_start = .)
 *(.preinit_array)
                [!provide]                        PROVIDE (__preinit_array_end = .)

.init_array     0x0000000000004dd0        0x8
                [!provide]                        PROVIDE (__init_array_start = .)
 *(SORT_BY_INIT_PRIORITY(.init_array.*) SORT_BY_INIT_PRIORITY(.ctors.*))
 *(.init_array EXCLUDE_FILE(*crtend?.o *crtend.o *crtbegin?.o *crtbegin.o) .ctors)
 .init_array    0x0000000000004dd0        0x8 /usr/lib/gcc/x86_64-pc-linux-gnu/13.2.1/crtbeginS.o
                [!provide]                        PROVIDE (__init_array_end = .)

.fini_array     0x0000000000004dd8        0x8
                [!provide]                        PROVIDE (__fini_array_start = .)
 *(SORT_BY_INIT_PRIORITY(.fini_array.*) SORT_BY_INIT_PRIORITY(.dtors.*))
 *(.fini_array EXCLUDE_FILE(*crtend?.o *crtend.o *crtbegin?.o *crtbegin.o) .dtors)
 .fini_array    0x0000000000004dd8        0x8 /usr/lib/gcc/x86_64-pc-linux-gnu/13.2.1/crtbeginS.o
                [!provide]                        PROVIDE (__fini_array_end = .)

.ctors
 *crtbegin.o(.ctors)
 *crtbegin?.o(.ctors)
 *(EXCLUDE_FILE(*crtend?.o *crtend.o) .ctors)
 *(SORT_BY_NAME(.ctors.*))
 *(.ctors)

.dtors
 *crtbegin.o(.dtors)
 *crtbegin?.o(.dtors)
 *(EXCLUDE_FILE(*crtend?.o *crtend.o) .dtors)
 *(SORT_BY_NAME(.dtors.*))
 *(.dtors)

.jcr
 *(.jcr)

.data.rel.ro    0x0000000000004de0        0x0
 *(.data.rel.ro.local* .gnu.linkonce.d.rel.ro.local.*)
 *(.data.rel.ro .data.rel.ro.* .gnu.linkonce.d.rel.ro.*)
 .data.rel.ro   0x0000000000004de0        0x0 /usr/lib/gcc/x86_64-pc-linux-gnu/13.2.1/../../../../lib/Scrt1.o

.dynamic        0x0000000000004de0      0x1e0
 *(.dynamic)
 .dynamic       0x0000000000004de0      0x1e0 /usr/lib/gcc/x86_64-pc-linux-gnu/13.2.1/../../../../lib/Scrt1.o
                0x0000000000004de0                _DYNAMIC

.got            0x0000000000004fc0       0x28
 *(.got)
 .got           0x0000000000004fc0       0x28 /usr/lib/gcc/x86_64-pc-linux-gnu/13.2.1/../../../../lib/Scrt1.o
 *(.igot)
                0x0000000000004fe8                . = DATA_SEGMENT_RELRO_END (., (SIZEOF (.got.plt) >= 0x18)?0x18:0x0)

.got.plt        0x0000000000004fe8       0x40
 *(.got.plt)
 .got.plt       0x0000000000004fe8       0x40 /usr/lib/gcc/x86_64-pc-linux-gnu/13.2.1/../../../../lib/Scrt1.o
                0x0000000000004fe8                _GLOBAL_OFFSET_TABLE_
 *(.igot.plt)

.data           0x0000000000005028       0x10
 *(.data .data.* .gnu.linkonce.d.*)
 .data          0x0000000000005028        0x4 /usr/lib/gcc/x86_64-pc-linux-gnu/13.2.1/../../../../lib/Scrt1.o
                0x0000000000005028                data_start
                0x0000000000005028                __data_start
 .data          0x000000000000502c        0x0 /usr/lib/gcc/x86_64-pc-linux-gnu/13.2.1/../../../../lib/crti.o
 .data          0x000000000000502c        0x0 /usr/lib/gcc/x86_64-pc-linux-gnu/13.2.1/crtbeginS.o
 *fill*         0x000000000000502c        0x4 
 .data.rel.local
                0x0000000000005030        0x8 /usr/lib/gcc/x86_64-pc-linux-gnu/13.2.1/crtbeginS.o
                0x0000000000005030                __dso_handle
 .data          0x0000000000005038        0x0 ./build/main.o
 .data          0x0000000000005038        0x0 ./build/memory.o
 .data          0x0000000000005038        0x0 ./build/course1.o
 .data          0x0000000000005038        0x0 ./build/data.o
 .data          0x0000000000005038        0x0 ./build/stats.o
 .data          0x0000000000005038        0x0 /usr/lib/gcc/x86_64-pc-linux-gnu/13.2.1/crtendS.o
 .data          0x0000000000005038        0x0 /usr/lib/gcc/x86_64-pc-linux-gnu/13.2.1/../../../../lib/crtn.o

.tm_clone_table
                0x0000000000005038        0x0
 .tm_clone_table
                0x0000000000005038        0x0 /usr/lib/gcc/x86_64-pc-linux-gnu/13.2.1/crtbeginS.o
 .tm_clone_table
                0x0000000000005038        0x0 /usr/lib/gcc/x86_64-pc-linux-gnu/13.2.1/crtendS.o

.data1
 *(.data1)
                0x0000000000005038                _edata = .
                [!provide]                        PROVIDE (edata = .)
                0x0000000000005038                . = ALIGN (ALIGNOF (NEXT_SECTION))
                0x0000000000005038                __bss_start = .

.bss            0x0000000000005038        0x8
 *(.dynbss)
 .dynbss        0x0000000000005038        0x0 /usr/lib/gcc/x86_64-pc-linux-gnu/13.2.1/../../../../lib/Scrt1.o
 *(.bss .bss.* .gnu.linkonce.b.*)
 .bss           0x0000000000005038        0x0 /usr/lib/gcc/x86_64-pc-linux-gnu/13.2.1/../../../../lib/Scrt1.o
 .bss           0x0000000000005038        0x0 /usr/lib/gcc/x86_64-pc-linux-gnu/13.2.1/../../../../lib/crti.o
 .bss           0x0000000000005038        0x1 /usr/lib/gcc/x86_64-pc-linux-gnu/13.2.1/crtbeginS.o
 .bss           0x0000000000005039        0x0 ./build/main.o
 .bss           0x0000000000005039        0x0 ./build/memory.o
 .bss           0x0000000000005039        0x0 ./build/course1.o
 .bss           0x0000000000005039        0x0 ./build/data.o
 .bss           0x0000000000005039        0x0 ./build/stats.o
 .bss           0x0000000000005039        0x0 /usr/lib/gcc/x86_64-pc-linux-gnu/13.2.1/crtendS.o
 .bss           0x0000000000005039        0x0 /usr/lib/gcc/x86_64-pc-linux-gnu/13.2.1/../../../../lib/crtn.o
 *(COMMON)
                0x0000000000005040                . = ALIGN ((. != 0x0)?0x8:0x1)
 *fill*         0x0000000000005039        0x7 

.lbss
 *(.dynlbss)
 *(.lbss .lbss.* .gnu.linkonce.lb.*)
 *(LARGE_COMMON)
                0x0000000000005040                . = ALIGN (0x8)
                0x0000000000005040                . = SEGMENT_START ("ldata-segment", .)

.lrodata
 *(.lrodata .lrodata.* .gnu.linkonce.lr.*)

.ldata          0x0000000000007040        0x0
 *(.ldata .ldata.* .gnu.linkonce.l.*)
                0x0000000000007040                . = ALIGN ((. != 0x0)?0x8:0x1)
                0x0000000000007040                . = ALIGN (0x8)
                0x0000000000005040                _end = .
                [!provide]                        PROVIDE (end = .)
                0x0000000000007040                . = DATA_SEGMENT_END (.)

.stab
 *(.stab)

.stabstr
 *(.stabstr)

.stab.excl
 *(.stab.excl)

.stab.exclstr
 *(.stab.exclstr)

.stab.index
 *(.stab.index)

.stab.indexstr
 *(.stab.indexstr)

.comment        0x0000000000000000       0x1b
 *(.comment)
 .comment       0x0000000000000000       0x1b /usr/lib/gcc/x86_64-pc-linux-gnu/13.2.1/../../../../lib/Scrt1.o
                                         0x38 (size before relaxing)
 .comment       0x000000000000001b       0x1c /usr/lib/gcc/x86_64-pc-linux-gnu/13.2.1/crtbeginS.o
 .comment       0x000000000000001b       0x1c ./build/main.o
 .comment       0x000000000000001b       0x1c ./build/memory.o
 .comment       0x000000000000001b       0x1c ./build/course1.o
 .comment       0x000000000000001b       0x1c ./build/data.o
 .comment       0x000000000000001b       0x1c ./build/stats.o
 .comment       0x000000000000001b       0x1c /usr/lib/gcc/x86_64-pc-linux-gnu/13.2.1/crtendS.o

.gnu.build.attributes
 *(.gnu.build.attributes .gnu.build.attributes.*)

.debug
 *(.debug)

.line
 *(.line)

.debug_srcinfo
 *(.debug_srcinfo)

.debug_sfnames
 *(.debug_sfnames)

.debug_aranges  0x0000000000000000       0xf0
 *(.debug_aranges)
 .debug_aranges
                0x0000000000000000       0x30 ./build/main.o
 .debug_aranges
                0x0000000000000030       0x30 ./build/memory.o
 .debug_aranges
                0x0000000000000060       0x30 ./build/course1.o
 .debug_aranges
                0x0000000000000090       0x30 ./build/data.o
 .debug_aranges
                0x00000000000000c0       0x30 ./build/stats.o

.debug_pubnames
 *(.debug_pubnames)

.debug_info     0x0000000000000000      0xf72
 *(.debug_info .gnu.linkonce.wi.*)
 .debug_info    0x0000000000000000       0x9b ./build/main.o
 .debug_info    0x000000000000009b      0x42d ./build/memory.o
 .debug_info    0x00000000000004c8      0x59a ./build/course1.o
 .debug_info    0x0000000000000a62      0x222 ./build/data.o
 .debug_info    0x0000000000000c84      0x2ee ./build/stats.o

.debug_abbrev   0x0000000000000000      0x4bb
 *(.debug_abbrev)
 .debug_abbrev  0x0000000000000000       0x56 ./build/main.o
 .debug_abbrev  0x0000000000000056      0x138 ./build/memory.o
 .debug_abbrev  0x000000000000018e      0x160 ./build/course1.o
 .debug_abbrev  0x00000000000002ee       0xd9 ./build/data.o
 .debug_abbrev  0x00000000000003c7       0xf4 ./build/stats.o

.debug_line     0x0000000000000000      0x819
 *(.debug_line .debug_line.* .debug_line_end)
 .debug_line    0x0000000000000000       0x61 ./build/main.o
 .debug_line    0x0000000000000061      0x168 ./build/memory.o
 .debug_line    0x00000000000001c9      0x39a ./build/course1.o
 .debug_line    0x0000000000000563      0x14a ./build/data.o
 .debug_line    0x00000000000006ad      0x16c ./build/stats.o

.debug_frame
 *(.debug_frame)

.debug_str      0x0000000000000000      0x29b
 *(.debug_str)
 .debug_str     0x0000000000000000      0x29b ./build/main.o
                                         0xc4 (size before relaxing)
 .debug_str     0x000000000000029b      0x18e ./build/memory.o
 .debug_str     0x000000000000029b      0x211 ./build/course1.o
 .debug_str     0x000000000000029b      0x149 ./build/data.o
 .debug_str     0x000000000000029b      0x129 ./build/stats.o

.debug_loc
 *(.debug_loc)

.debug_macinfo
 *(.debug_macinfo)

.debug_weaknames
 *(.debug_weaknames)

.debug_funcnames
 *(.debug_funcnames)

.debug_typenames
 *(.debug_typenames)

.debug_varnames
 *(.debug_varnames)

.debug_pubtypes
 *(.debug_pubtypes)

.debug_ranges
 *(.debug_ranges)

.debug_addr
 *(.debug_addr)

.debug_line_str
                0x0000000000000000      0x159
 *(.debug_line_str)
 .debug_line_str
                0x0000000000000000      0x159 ./build/main.o
                                         0xe8 (size before relaxing)
 .debug_line_str
                0x0000000000000159      0x14d ./build/memory.o
 .debug_line_str
                0x0000000000000159      0x184 ./build/course1.o
 .debug_line_str
                0x0000000000000159      0x157 ./build/data.o
 .debug_line_str
                0x0000000000000159       0xd2 ./build/stats.o

.debug_loclists
 *(.debug_loclists)

.debug_macro
 *(.debug_macro)

.debug_names
 *(.debug_names)

.debug_rnglists
 *(.debug_rnglists)

.debug_str_offsets
 *(.debug_str_offsets)

.debug_sup
 *(.debug_sup)

.gnu.attributes
 *(.gnu.attributes)

/DISCARD/
 *(.note.GNU-stack)
 *(.gnu_debuglink)
 *(.gnu.lto_*)
OUTPUT(build/course1.out elf64-x86-64)
